
Allocating common symbols
Common symbol       size              file

user_pool           0x10              build/memory.o
intr_name           0x84              build/interrupt.o
kernel_vaddr        0xc               build/memory.o
idt_table           0x84              build/interrupt.o
kernel_pool         0x10              build/memory.o

Discarded input sections

 .note.GNU-stack
                0x0000000000000000        0x0 build/main.o
 .note.GNU-stack
                0x0000000000000000        0x0 build/init.o
 .note.GNU-stack
                0x0000000000000000        0x0 build/interrupt.o
 .note.GNU-stack
                0x0000000000000000        0x0 build/timer.o
 .note.GNU-stack
                0x0000000000000000        0x0 build/debug.o
 .note.GNU-stack
                0x0000000000000000        0x0 build/memory.o
 .note.GNU-stack
                0x0000000000000000        0x0 build/bitmap.o
 .note.GNU-stack
                0x0000000000000000        0x0 build/string.o

Memory Configuration

Name             Origin             Length             Attributes
*default*        0x0000000000000000 0xffffffffffffffff

Linker script and memory map

Address of section .text set to 0x8400
LOAD build/main.o
LOAD build/init.o
LOAD build/interrupt.o
LOAD build/timer.o
LOAD build/kernel.o
LOAD build/print.o
LOAD build/debug.o
LOAD build/memory.o
LOAD build/bitmap.o
LOAD build/string.o
                [!provide]                        PROVIDE (__executable_start = SEGMENT_START ("text-segment", 0x8048000))
                0x00000000080480d4                . = (SEGMENT_START ("text-segment", 0x8048000) + SIZEOF_HEADERS)

.interp
 *(.interp)

.note.gnu.build-id
 *(.note.gnu.build-id)

.hash
 *(.hash)

.gnu.hash
 *(.gnu.hash)

.dynsym
 *(.dynsym)

.dynstr
 *(.dynstr)

.gnu.version
 *(.gnu.version)

.gnu.version_d
 *(.gnu.version_d)

.gnu.version_r
 *(.gnu.version_r)

.rel.dyn        0x00000000080480d4        0x0
 *(.rel.init)
 *(.rel.text .rel.text.* .rel.gnu.linkonce.t.*)
 .rel.text      0x00000000080480d4        0x0 build/main.o
 *(.rel.fini)
 *(.rel.rodata .rel.rodata.* .rel.gnu.linkonce.r.*)
 *(.rel.data.rel.ro .rel.data.rel.ro.* .rel.gnu.linkonce.d.rel.ro.*)
 *(.rel.data .rel.data.* .rel.gnu.linkonce.d.*)
 *(.rel.tdata .rel.tdata.* .rel.gnu.linkonce.td.*)
 *(.rel.tbss .rel.tbss.* .rel.gnu.linkonce.tb.*)
 *(.rel.ctors)
 *(.rel.dtors)
 *(.rel.got)
 .rel.got       0x00000000080480d4        0x0 build/main.o
 *(.rel.bss .rel.bss.* .rel.gnu.linkonce.b.*)
 *(.rel.ifunc)

.rel.plt        0x00000000080480d4        0x0
 *(.rel.plt)
                [!provide]                        PROVIDE (__rel_iplt_start = .)
 *(.rel.iplt)
 .rel.iplt      0x00000000080480d4        0x0 build/main.o
                [!provide]                        PROVIDE (__rel_iplt_end = .)
                0x0000000008049000                . = ALIGN (CONSTANT (MAXPAGESIZE))

.init
 *(SORT_NONE(.init))

.plt            0x0000000008049000        0x0
 *(.plt)
 *(.iplt)
 .iplt          0x0000000008049000        0x0 build/main.o

.plt.got
 *(.plt.got)

.plt.sec
 *(.plt.sec)

.text           0x0000000000008400     0x16b4
 *(.text.unlikely .text.*_unlikely .text.unlikely.*)
 *(.text.exit .text.exit.*)
 *(.text.startup .text.startup.*)
 *(.text.hot .text.hot.*)
 *(SORT_BY_NAME(.text.sorted.*))
 *(.text .stub .text.* .gnu.linkonce.t.*)
 .text          0x0000000000008400       0x61 build/main.o
                0x0000000000008400                main
 .text          0x0000000000008461       0x23 build/init.o
                0x0000000000008461                init_all
 .text          0x0000000000008484      0x3bf build/interrupt.o
                0x0000000000008745                intr_enable
                0x0000000000008777                intr_disable
                0x00000000000087a9                intr_set_status
                0x00000000000087d0                intr_get_status
                0x00000000000087ec                idt_init
 .text          0x0000000000008843       0xf9 build/timer.o
                0x00000000000088f0                timer_init
 *fill*         0x000000000000893c        0x4 
 .text          0x0000000000008940      0x393 build/kernel.o
                0x0000000000008940                intr_exit
 *fill*         0x0000000000008cd3        0xd 
 .text          0x0000000000008ce0      0x14e build/print.o
                0x0000000000008ce0                put_str
                0x0000000000008cfe                put_char
                0x0000000000008dcb                put_int
 .text          0x0000000000008e2e       0xa5 build/debug.o
                0x0000000000008e2e                panic_spin
 .text          0x0000000000008ed3      0x565 build/memory.o
                0x0000000000008f60                pte_ptr
                0x0000000000008f91                pde_ptr
                0x0000000000009148                malloc_page
                0x0000000000009223                get_kernel_pages
                0x0000000000009406                mem_init
 .text          0x0000000000009438      0x236 build/bitmap.o
                0x0000000000009438                bitmap_init
                0x000000000000945f                bitmap_scan_test
                0x0000000000009493                bitmap_scan
                0x00000000000095c7                bitmap_set
 .text          0x000000000000966e      0x446 build/string.o
                0x000000000000966e                memset
                0x00000000000096cb                memcpy
                0x0000000000009737                memcmp
                0x00000000000097ce                strcpy
                0x000000000000982c                strlen
                0x0000000000009880                strcmp
                0x0000000000009906                strchr
                0x000000000000996d                strrchr
                0x00000000000099d2                strcat
                0x0000000000009a48                strchrs
 *(.gnu.warning)

.fini
 *(SORT_NONE(.fini))
                [!provide]                        PROVIDE (__etext = .)
                [!provide]                        PROVIDE (_etext = .)
                [!provide]                        PROVIDE (etext = .)
                0x000000000000a000                . = ALIGN (CONSTANT (MAXPAGESIZE))
                0x000000000000a000                . = SEGMENT_START ("rodata-segment", (ALIGN (CONSTANT (MAXPAGESIZE)) + (. & (CONSTANT (MAXPAGESIZE) - 0x1))))

.rodata         0x000000000000a000      0x559
 *(.rodata .rodata.* .gnu.linkonce.r.*)
 .rodata        0x000000000000a000       0x34 build/main.o
 .rodata        0x000000000000a034        0xa build/init.o
 *fill*         0x000000000000a03e        0x2 
 .rodata        0x000000000000a040      0x265 build/interrupt.o
 .rodata        0x000000000000a2a5       0x23 build/timer.o
 .rodata        0x000000000000a2c8       0x3f build/debug.o
 *fill*         0x000000000000a307        0x1 
 .rodata        0x000000000000a308      0x12e build/memory.o
 *fill*         0x000000000000a436        0x2 
 .rodata        0x000000000000a438       0x68 build/bitmap.o
 .rodata        0x000000000000a4a0       0xb9 build/string.o

.rodata1
 *(.rodata1)

.eh_frame_hdr
 *(.eh_frame_hdr)
 *(.eh_frame_entry .eh_frame_entry.*)

.eh_frame
 *(.eh_frame)
 *(.eh_frame.*)

.gcc_except_table
 *(.gcc_except_table .gcc_except_table.*)

.gnu_extab
 *(.gnu_extab*)

.exception_ranges
 *(.exception_ranges*)
                0x000000000000b559                . = DATA_SEGMENT_ALIGN (CONSTANT (MAXPAGESIZE), CONSTANT (COMMONPAGESIZE))

.eh_frame
 *(.eh_frame)
 *(.eh_frame.*)

.gnu_extab
 *(.gnu_extab)

.gcc_except_table
 *(.gcc_except_table .gcc_except_table.*)

.exception_ranges
 *(.exception_ranges*)

.tdata          0x000000000000b559        0x0
                [!provide]                        PROVIDE (__tdata_start = .)
 *(.tdata .tdata.* .gnu.linkonce.td.*)

.tbss
 *(.tbss .tbss.* .gnu.linkonce.tb.*)
 *(.tcommon)

.preinit_array  0x000000000000b559        0x0
                [!provide]                        PROVIDE (__preinit_array_start = .)
 *(.preinit_array)
                [!provide]                        PROVIDE (__preinit_array_end = .)

.init_array     0x000000000000b559        0x0
                [!provide]                        PROVIDE (__init_array_start = .)
 *(SORT_BY_INIT_PRIORITY(.init_array.*) SORT_BY_INIT_PRIORITY(.ctors.*))
 *(.init_array EXCLUDE_FILE(*crtend?.o *crtend.o *crtbegin?.o *crtbegin.o) .ctors)
                [!provide]                        PROVIDE (__init_array_end = .)

.fini_array     0x000000000000b559        0x0
                [!provide]                        PROVIDE (__fini_array_start = .)
 *(SORT_BY_INIT_PRIORITY(.fini_array.*) SORT_BY_INIT_PRIORITY(.dtors.*))
 *(.fini_array EXCLUDE_FILE(*crtend?.o *crtend.o *crtbegin?.o *crtbegin.o) .dtors)
                [!provide]                        PROVIDE (__fini_array_end = .)

.ctors
 *crtbegin.o(.ctors)
 *crtbegin?.o(.ctors)
 *(EXCLUDE_FILE(*crtend?.o *crtend.o) .ctors)
 *(SORT_BY_NAME(.ctors.*))
 *(.ctors)

.dtors
 *crtbegin.o(.dtors)
 *crtbegin?.o(.dtors)
 *(EXCLUDE_FILE(*crtend?.o *crtend.o) .dtors)
 *(SORT_BY_NAME(.dtors.*))
 *(.dtors)

.jcr
 *(.jcr)

.data.rel.ro
 *(.data.rel.ro.local* .gnu.linkonce.d.rel.ro.local.*)
 *(.data.rel.ro .data.rel.ro.* .gnu.linkonce.d.rel.ro.*)

.dynamic
 *(.dynamic)

.got            0x000000000000b55c        0x0
 *(.got)
 .got           0x000000000000b55c        0x0 build/main.o
 *(.igot)
                0x000000000000b55c                . = DATA_SEGMENT_RELRO_END (., (SIZEOF (.got.plt) >= 0xc)?0xc:0x0)

.got.plt        0x000000000000b55c        0x0
 *(.got.plt)
 .got.plt       0x000000000000b55c        0x0 build/main.o
 *(.igot.plt)
 .igot.plt      0x000000000000b55c        0x0 build/main.o

.data           0x000000000000b55c       0x8c
 *(.data .data.* .gnu.linkonce.d.*)
 .data          0x000000000000b55c        0x0 build/main.o
 .data          0x000000000000b55c        0x0 build/init.o
 .data          0x000000000000b55c        0x0 build/interrupt.o
 .data          0x000000000000b55c        0x0 build/timer.o
 .data          0x000000000000b55c       0x84 build/kernel.o
                0x000000000000b55c                intr_entry_table
 .data          0x000000000000b5e0        0x8 build/print.o
 .data          0x000000000000b5e8        0x0 build/debug.o
 .data          0x000000000000b5e8        0x0 build/memory.o
 .data          0x000000000000b5e8        0x0 build/bitmap.o
 .data          0x000000000000b5e8        0x0 build/string.o

.data1
 *(.data1)
                0x000000000000b5e8                _edata = .
                [!provide]                        PROVIDE (edata = .)
                0x000000000000b5e8                . = .
                0x000000000000b5e8                __bss_start = .

.bss            0x000000000000b600      0x270
 *(.dynbss)
 *(.bss .bss.* .gnu.linkonce.b.*)
 .bss           0x000000000000b600        0x0 build/main.o
 .bss           0x000000000000b600        0x0 build/init.o
 .bss           0x000000000000b600      0x108 build/interrupt.o
 .bss           0x000000000000b708        0x0 build/timer.o
 .bss           0x000000000000b708        0x0 build/debug.o
 .bss           0x000000000000b708        0x0 build/memory.o
 .bss           0x000000000000b708        0x0 build/bitmap.o
 .bss           0x000000000000b708        0x0 build/string.o
 *(COMMON)
 *fill*         0x000000000000b708       0x18 
 COMMON         0x000000000000b720      0x124 build/interrupt.o
                0x000000000000b720                intr_name
                0x000000000000b7c0                idt_table
 COMMON         0x000000000000b844       0x2c build/memory.o
                0x000000000000b844                user_pool
                0x000000000000b854                kernel_vaddr
                0x000000000000b860                kernel_pool
                0x000000000000b870                . = ALIGN ((. != 0x0)?0x4:0x1)
                0x000000000000b870                . = ALIGN (0x4)
                0x000000000000b870                . = SEGMENT_START ("ldata-segment", .)
                0x000000000000b870                . = ALIGN (0x4)
                0x000000000000b870                _end = .
                [!provide]                        PROVIDE (end = .)
                0x000000000000b870                . = DATA_SEGMENT_END (.)

.stab
 *(.stab)

.stabstr
 *(.stabstr)

.stab.excl
 *(.stab.excl)

.stab.exclstr
 *(.stab.exclstr)

.stab.index
 *(.stab.index)

.stab.indexstr
 *(.stab.indexstr)

.comment        0x0000000000000000       0x29
 *(.comment)
 .comment       0x0000000000000000       0x29 build/main.o
                                         0x2a (size before relaxing)
 .comment       0x0000000000000029       0x2a build/init.o
 .comment       0x0000000000000029       0x2a build/interrupt.o
 .comment       0x0000000000000029       0x2a build/timer.o
 .comment       0x0000000000000029       0x2a build/debug.o
 .comment       0x0000000000000029       0x2a build/memory.o
 .comment       0x0000000000000029       0x2a build/bitmap.o
 .comment       0x0000000000000029       0x2a build/string.o

.gnu.build.attributes
 *(.gnu.build.attributes .gnu.build.attributes.*)

.debug
 *(.debug)

.line
 *(.line)

.debug_srcinfo
 *(.debug_srcinfo)

.debug_sfnames
 *(.debug_sfnames)

.debug_aranges
 *(.debug_aranges)

.debug_pubnames
 *(.debug_pubnames)

.debug_info
 *(.debug_info .gnu.linkonce.wi.*)

.debug_abbrev
 *(.debug_abbrev)

.debug_line
 *(.debug_line .debug_line.* .debug_line_end)

.debug_frame
 *(.debug_frame)

.debug_str
 *(.debug_str)

.debug_loc
 *(.debug_loc)

.debug_macinfo
 *(.debug_macinfo)

.debug_weaknames
 *(.debug_weaknames)

.debug_funcnames
 *(.debug_funcnames)

.debug_typenames
 *(.debug_typenames)

.debug_varnames
 *(.debug_varnames)

.debug_pubtypes
 *(.debug_pubtypes)

.debug_ranges
 *(.debug_ranges)

.debug_addr
 *(.debug_addr)

.debug_line_str
 *(.debug_line_str)

.debug_loclists
 *(.debug_loclists)

.debug_macro
 *(.debug_macro)

.debug_names
 *(.debug_names)

.debug_rnglists
 *(.debug_rnglists)

.debug_str_offsets
 *(.debug_str_offsets)

.debug_sup
 *(.debug_sup)

.gnu.attributes
 *(.gnu.attributes)

/DISCARD/
 *(.note.GNU-stack)
 *(.gnu_debuglink)
 *(.gnu.lto_*)
OUTPUT(build/kernel elf32-i386)
